C:\Users\aa207\AppData
\Local\Programs\Python
\Python313\python.exe 
: Traceback (most 
recent call last):
At line:1 char:1
+ C:\Users\aa207\AppDa
ta\Local\Programs\Pyth
on\Python313\python.ex
e -m  ...
+ ~~~~~~~~~~~~~~~~~~~~
~~~~~~~~~~~~~~~~~~~~~~
~~~~~~~~~~~~~~~~~~~~~~
~~~~~
    + CategoryInfo    
          : 
NotSpecified    : 
(Traceback (most     
recent call last)::   
 String) [], RemoteE  
  xception
    + 
FullyQualifiedErr    
orId : NativeComman   
 dError
 
  File "<frozen 
runpy>", line 198, in 
_run_module_as_main
  File "<frozen 
runpy>", line 88, in 
_run_code
  File "C:\Users\aa207
\Downloads\agentic-res
earch\backend\app\main
.py", line 4, in 
<module>
    from 
app.agents.graph 
import app as 
agent_app
  File "C:\Users\aa207
\Downloads\agentic-res
earch\backend\app\agen
ts\graph.py", line 
10, in <module>
    settings = 
get_settings()
  File "C:\Users\aa207
\Downloads\agentic-res
earch\backend\app\core
\config.py", line 16, 
in get_settings
    return Settings()
  File "C:\Users\aa207
\AppData\Local\Program
s\Python\Python313\Lib
\site-packages\pydanti
c_settings\main.py", 
line 194, in __init__
    super().__init__(
    ~~~~~~~~~~~~~~~~^
        **__pydantic_s
elf__._settings_build_
values(
        ^^^^^^^^^^^^^^
^^^^^^^^^^^^^^^^^^^^^^
^^^^^^^
    ...<27 lines>...
        )
        ^
    )
    ^
  File "C:\Users\aa207
\AppData\Local\Program
s\Python\Python313\Lib
\site-packages\pydanti
c\main.py", line 250, 
in __init__
    validated_self = s
elf.__pydantic_validat
or__.validate_python(d
ata, 
self_instance=self)
pydantic_core._pydanti
c_core.ValidationError
: 3 validation errors 
for Settings
SUPABASE_URL
  Field required 
[type=missing, 
input_value={}, 
input_type=dict]
    For further 
information visit http
s://errors.pydantic.de
v/2.12/v/missing
SUPABASE_SERVICE_ROLE_
KEY
  Field required 
[type=missing, 
input_value={}, 
input_type=dict]
    For further 
information visit http
s://errors.pydantic.de
v/2.12/v/missing
GOOGLE_API_KEY
  Field required 
[type=missing, 
input_value={}, 
input_type=dict]
    For further 
information visit http
s://errors.pydantic.de
v/2.12/v/missing
